// Jest Snapshot v1, https://goo.gl/fbAQLP

exports[`Controls should exist match the snapshot 1`] = `undefined`;
