// Jest Snapshot v1, https://goo.gl/fbAQLP

exports[`Cards PeopleCard should match the snapshot 1`] = `undefined`;

exports[`Cards PlanetCard should match the snapshot 1`] = `undefined`;

exports[`Cards VehicleCard should match the snapshot 1`] = `undefined`;
